// Jest Snapshot v1, https://goo.gl/fbAQLP

exports[`renders Home component correctly 1`] = `
<div>
  <h2
    class="home-h"
  >
    WELCOME MATHEMATICIAN.
    <p
      class="home-p"
    >
      This is an app wholly to help you with your calculation. Ready? Then get to the next page.
    </p>
  </h2>
</div>
`;
